// Jest Snapshot v1, https://goo.gl/fbAQLP

exports[`Canvas should render correctly in "debug" mode 1`] = `1`;
